// Jest Snapshot v1, https://goo.gl/fbAQLP

exports[`Component constructor Should have the rest of the default props set correctly 1`] = `
ComponentTest {
  "config": Object {
    "id": "static-id-for-test-sake",
  },
  "ctrChild": -1,
  "dataFromParentAsStringPrev": undefined,
  "dom": <div
    class="component-test"
    id="static-id-for-test-sake"
  />,
  "html": "",
  "id": "static-id-for-test-sake",
  "isStateUpdated": false,
  "listObjCompChild": Object {},
  "option": Object {},
  "state": Object {},
  "type": "ComponentTest",
}
`;
